reason	uniprotId	featureType	annotId	begin	end	protSize
