reason	uniprotAcc	canonicalUniprotAcc
no_iso_canonical_align	P11137-4	P11137-1
no_iso_canonical_align	Q99732-2	Q99732-1
no_iso_canonical_align	Q9NTW7-2	Q9NTW7-1
no_iso_canonical_align	Q9NTW7-4	Q9NTW7-1
no_iso_canonical_align	Q9NTW7-5	Q9NTW7-1
no_iso_canonical_align	Q9NTW7-6	Q9NTW7-1
no_iso_canonical_align	Q9Y215-6	Q9Y215-1
