category	categoryName	featType	shortFeatType
Mut	Mutation	sequence variant	variant
Chain	Polypeptide Chains	chain	chain
Conflict	Sequence Conflict	sequence conflict	conflict
Domain	Domain	domain	domain
Domain	Domain	zinc finger region	zinc finger
Modif	Amino Acid Modification	modified residue	acetyl
Interest	Region of Interest	region of interest	interest
Other	Other Annotation	compositionally biased region	biased
Other	Other Annotation	cross-link	cross-link
