Color usage:
    matched transcript outline           deepskyblue    0,191,255
    other isoform transcript outline     black          0,0,0
    feature insertion                    red            255,0,0
    feature deletion                     red            255,0,0
    SwissProt base                       forestgreen    34,139,34
    TrEMBL base                          darkseagreen   143,188,143
    modified residue                     gold           255,215,0
    phosphorylation site                 goldenrod      200,200,0
    glycosylation site                   teal           0,100,100
    disulfide bond                       dimgray        100,100,100
    topological domain                   maroon         100,0,0
    zinc finger region                   olive          100,100,0
    transmembrane region                 green          0,150,0
    signal peptide                       deeppink       255,0,150
    lipid moiety-binding region          navy           12,12,120
    Extracellular                        darkcyan       0,110,180
    Cytoplasmic                          darkorange     255,150,0
